Microchip MPLAB XC8 Compiler V2.50

Linker command line:

-W-3 \
  --edf=C:\Program Files\Microchip\xc8\v2.50\pic\dat\20240725155939_en.msgs \
  -cn -h+dist/default/debug\esme-training-mcu.debug.sym \
  --cmf=dist/default/debug\esme-training-mcu.debug.cmf -z -Q18F47Q10 \
  -oC:\Users\moham\AppData\Local\Temp\xcAs6pg.\driver_tmp_3.o \
  --defsym=__MPLAB_BUILD=1 --fixupoverflow=error \
  -Mdist/default/debug/esme-training-mcu.debug.map \
  --md=C:\Users\moham\AppData\Local\Temp\xcAs6pg.\driver_tmp_0.dat -E1 \
  -ver=XC8 Compiler --acfsm=1493 -AHEAP=0CEh-0CFFh -pheap=HEAP \
  -ACODE=00h-01FFFFh -ACONST=00h-01FFFFh -ASMALLCONST=01000h-010FFhx496 \
  -AMEDIUMCONST=01000h-0FFFFh,011000h-01FFFFh -ACOMRAM=01h-05Fh \
  -AABS1=00h-0CFFh,0E00h-0E1Eh -ABIGRAM=01h-0CFFh,0E00h-0E1Eh \
  -ARAM=060h-0FFh,0100h-01FFhx12,0E00h-0E1Eh -ABANK0=060h-0FFh \
  -ABANK1=0100h-01FFh -ABANK2=0200h-02FFh -ABANK3=0300h-03FFh \
  -ABANK4=0400h-04FFh -ABANK5=0500h-05FFh -ABANK6=0600h-06FFh \
  -ABANK7=0700h-07FFh -ABANK8=0800h-08FFh -ABANK9=0900h-09FFh \
  -ABANK10=0A00h-0AFFh -ABANK11=0B00h-0BFFh -ABANK12=0C00h-0CFFh \
  -ABANK14=0E00h-0E1Eh \
  -ASFR=0D00h-0DFFh,0E1Fh-0EFFh,0F00h-0F5Fh,0F60h-0FFFh \
  -ABIGSFR=0D00h-0DFFh,0E1Fh-0FFFh -ACONFIG=0300000h-030000Bh \
  -AIDLOC=0200000h-02000FFh -AEEDATA=0310000h-03103FFh -peeprom_data=EEDATA \
  -preset_vec=00h,intcode=8h,intcodelo,powerup,init -pramtop=01000h \
  -psmallconst=SMALLCONST -pmediumconst=MEDIUMCONST -pconst=CONST \
  -AFARRAM=00h-00h \
  -prdata=COMRAM,nvrram=COMRAM,nvbit=COMRAM,rbss=COMRAM,rbit=COMRAM \
  -pfarbss=FARRAM,fardata=FARRAM,nvFARRAM=FARRAM \
  -pintsave_regs=BIGRAM,bigbss=BIGRAM,bigdata=BIGRAM -pbss=RAM \
  -pidata=CODE,irdata=CODE,ibigdata=CODE,ifardata=CODE -prparam=COMRAM \
  C:\Users\moham\AppData\Local\Temp\xcAs6pg.\driver_tmp_14.o \
  dist/default/debug\esme-training-mcu.debug.o 

Object code version is 3.11

Machine type is 18F47Q10



                Name                               Link     Load   Length Selector   Space Scale
C:\Users\moham\AppData\Local\Temp\xcAs6pg.\driver_tmp_14.o
                heap                                 CE       CE      C32       CE       7
                config                           300000   300000        8        0       4
                init                                 F2       F2        4        4       0
                reset_vec                             0        0        4        0       0
dist/default/debug\esme-training-mcu.debug.o
                intcode                               8        8       EA        4       0
                config                           300000   300000        8        0       4
                temp                                 5F       5F        1        1       1
                mediumconst                        FDD8     FDD8      228     7EEC       0
                text49                            116D0    116D0        4     8000       0
                text48                            10AAA    10AAA       C2     8000       0
                text47                            10E4A    10E4A       AE     8000       0
                text46                            114F2    114F2       34     8000       0
                text45                            10F92    10F92       8C     8000       0
                text44                            11660    11660       1A     8000       0
                text43                            10C28    10C28       BA     8000       0
                text42                            1036E    1036E      35E     8000       0
                text41                            11442    11442       46     8000       0
                text40                            11646    11646       1A     8000       0
                text39                            1168E    1168E       12     8000       0
                text38                            116D4    116D4        2     8000       0
                text37                            112C8    112C8       50     8000       0
                text36                            1101E    1101E       86     8000       0
                text35                            113FC    113FC       46     8000       0
                text33                            116CC    116CC        4     8000       0
                text32                            116C8    116C8        4     8000       0
                text31                            110A4    110A4       7C     8000       0
                text30                            116BE    116BE        6     8000       0
                text29                            109E6    109E6       C4     8000       0
                text28                            10D9A    10D9A       B0     8000       0
                text27                            11488    11488       36     8000       0
                text26                            10EF8    10EF8       9A     8000       0
                text25                            1160C    1160C       1E     8000       0
                text24                            10B6C    10B6C       BC     8000       0
                text23                            10000    10000      36E     8000       0
                text22                            11366    11366       4C     8000       0
                text21                            1162A    1162A       1C     8000       0
                text20                            10CE2    10CE2       B8     8000       0
                text19                            11120    11120       7A     8000       0
                text18                            115C6    115C6       24     8000       0
                text17                            11552    11552       2A     8000       0
                text16                            1157C    1157C       26     8000       0
                text15                            113B2    113B2       4A     8000       0
                text14                            107F2    107F2      10C     8000       0
                text13                            1119A    1119A       6C     8000       0
                text12                            108FE    108FE       E8     8000       0
                text11                            1167A    1167A       14     8000       0
                text10                            116A0    116A0        C     8000       0
                text9                             116B6    116B6        8     8000       0
                text8                             116C4    116C4        4     8000       0
                text7                             116AC    116AC        A     8000       0
                text6                             11206    11206       64     8000       0
                text5                             106CC    106CC      126     8000       0
                text4                             1126A    1126A       5E     8000       0
                text3                             11526    11526       2C     8000       0
                text2                             115A2    115A2       24     8000       0
                text1                             11318    11318       4E     8000       0
                text0                             114BE    114BE       34     8000       0
                cstackCOMRAM                          1        1       3E        1       1
                cstackBANK0                          60       60       3E       60       1
                bssBANK0                             9E       9E       30       60       1
                bssCOMRAM                            3F       3F       20        1       1
                cinit                             115EA    115EA       22     8000       0

TOTAL           Name                               Link     Load   Length     Space
        CLASS   HEAP           
                heap                                 CE       CE      C32         7

        CLASS   CODE           
                intcode                               8        8       EA         0
                init                                 F2       F2        4         0
                reset_vec                             0        0        4         0
                text49                            116D0    116D0        4         0
                text48                            10AAA    10AAA       C2         0
                text47                            10E4A    10E4A       AE         0
                text46                            114F2    114F2       34         0
                text45                            10F92    10F92       8C         0
                text44                            11660    11660       1A         0
                text43                            10C28    10C28       BA         0
                text42                            1036E    1036E      35E         0
                text41                            11442    11442       46         0
                text40                            11646    11646       1A         0
                text39                            1168E    1168E       12         0
                text38                            116D4    116D4        2         0
                text37                            112C8    112C8       50         0
                text36                            1101E    1101E       86         0
                text35                            113FC    113FC       46         0
                text33                            116CC    116CC        4         0
                text32                            116C8    116C8        4         0
                text31                            110A4    110A4       7C         0
                text30                            116BE    116BE        6         0
                text29                            109E6    109E6       C4         0
                text28                            10D9A    10D9A       B0         0
                text27                            11488    11488       36         0
                text26                            10EF8    10EF8       9A         0
                text25                            1160C    1160C       1E         0
                text24                            10B6C    10B6C       BC         0
                text23                            10000    10000      36E         0
                text22                            11366    11366       4C         0
                text21                            1162A    1162A       1C         0
                text20                            10CE2    10CE2       B8         0
                text19                            11120    11120       7A         0
                text18                            115C6    115C6       24         0
                text17                            11552    11552       2A         0
                text16                            1157C    1157C       26         0
                text15                            113B2    113B2       4A         0
                text14                            107F2    107F2      10C         0
                text13                            1119A    1119A       6C         0
                text12                            108FE    108FE       E8         0
                text11                            1167A    1167A       14         0
                text10                            116A0    116A0        C         0
                text9                             116B6    116B6        8         0
                text8                             116C4    116C4        4         0
                text7                             116AC    116AC        A         0
                text6                             11206    11206       64         0
                text5                             106CC    106CC      126         0
                text4                             1126A    1126A       5E         0
                text3                             11526    11526       2C         0
                text2                             115A2    115A2       24         0
                text1                             11318    11318       4E         0
                text0                             114BE    114BE       34         0
                cinit                             115EA    115EA       22         0

        CLASS   CONST          

        CLASS   SMALLCONST     

        CLASS   MEDIUMCONST    
                mediumconst                        FDD8     FDD8      228         0

        CLASS   COMRAM         
                temp                                 5F       5F        1         1
                cstackCOMRAM                          1        1       3E         1
                bssCOMRAM                            3F       3F       20         1

        CLASS   ABS1           

        CLASS   BIGRAM         

        CLASS   RAM            

        CLASS   BANK0          
                cstackBANK0                          60       60       3E         1
                bssBANK0                             9E       9E       30         1

        CLASS   BANK1          

        CLASS   BANK2          

        CLASS   BANK3          

        CLASS   BANK4          

        CLASS   BANK5          

        CLASS   BANK6          

        CLASS   BANK7          

        CLASS   BANK8          

        CLASS   BANK9          

        CLASS   BANK10         

        CLASS   BANK11         

        CLASS   BANK12         

        CLASS   BANK14         

        CLASS   SFR            

        CLASS   BIGSFR         

        CLASS   CONFIG         
                config                           300000   300000        8         4

        CLASS   IDLOC          

        CLASS   EEDATA         

        CLASS   FARRAM         

        CLASS   STACK          



SEGMENTS        Name                           Load    Length   Top    Selector   Space  Class

                reset_vec                      000000  000004  000004         0       0  CODE    
                cstackCOMRAM                   000001  00005F  000060         1       1  COMRAM  
                intcode                        000008  0000EE  0000F6         4       0  CODE    
                cstackBANK0                    000060  00006E  0000CE        60       1  BANK0   
                heap                           0000CE  000C32  000D00        CE       7  HEAP    
                mediumconst                    00FDD8  000228  010000      7EEC       0  MEDIUMCO
                text23                         010000  0016D6  0116D6      8000       0  CODE    


UNUSED ADDRESS RANGES

        Name                Unused          Largest block    Delta
        BANK0            0000CE-0000FF               32
        BANK1            000100-0001FF              100
        BANK10           000A00-000AFF              100
        BANK11           000B00-000BFF              100
        BANK12           000C00-000CFF              100
        BANK14           000E00-000E1E               1F
        BANK2            000200-0002FF              100
        BANK3            000300-0003FF              100
        BANK4            000400-0004FF              100
        BANK5            000500-0005FF              100
        BANK6            000600-0006FF              100
        BANK7            000700-0007FF              100
        BANK8            000800-0008FF              100
        BANK9            000900-0009FF              100
        BIGRAM           0000CE-000CFF              C32
                         000E00-000E1E               1F
        BIGSFR           000D00-000DFF              100
                         000E1F-000FFF              1E1
        CODE             000004-000007                4
                         0000F6-00FDD7             FCE2
                         0116D6-01FFFF             E92A
        CONFIG           300008-30000B                4
        CONST            000004-000007                4
                         0000F6-00FDD7             FCE2
                         0116D6-01FFFF             E92A
        EEDATA           310000-3103FF              400
        IDLOC            200000-2000FF              100
        MEDIUMCONST      001000-00FDD7             EDD8
                         0116D6-01FFFF             E92A
        RAM              0000CE-000CFF              100
                         000E00-000E1E               1F
        SFR              000D00-000DFF              100
                         000E1F-000FFF               E1
        SMALLCONST       001000-00FDD7              100
                         0116D6-01FFFF              100

                                  Symbol Table

?_ADC_u16ReadValue                         cstackBANK0  000060
?___aldiv                                  cstackBANK0  000060
?___awdiv                                  cstackBANK0  000060
?___awmod                                  cstackBANK0  000060
?___lmul                                   cstackBANK0  000060
?_abs                                      cstackBANK0  000066
?_printf                                   cstackBANK0  000089
?_vfprintf                                 cstackBANK0  000083
?i2___awdiv                                cstackCOMRAM 000001
?i2___awmod                                cstackCOMRAM 000001
?i2_abs                                    cstackCOMRAM 000007
?i2_printf                                 cstackCOMRAM 000029
?i2_vfprintf                               cstackCOMRAM 000023
APPM_vidStart@s8TemperatureValue           cstackBANK0  00009B
CMN_vidManageAbort@kpkpau8FileName         cstackBANK0  000094
CMN_vidManageAbort@kpkpau8FunctionName     cstackBANK0  000096
CMN_vidManageAbort@ku16FileLine            cstackBANK0  000092
CMN_vidManageAssert@bDontBlock             cstackBANK0  000099
CMN_vidManageAssert@kbCondition            cstackBANK0  000098
CMN_vidManageAssert@kpkpau8FileName        cstackBANK0  000094
CMN_vidManageAssert@kpkpau8FunctionName    cstackBANK0  000096
CMN_vidManageAssert@ku16FileLine           cstackBANK0  000092
CMN_vidPortDelayMs@ku32DelayMs             cstackBANK0  000060
CMN_vidPortDelayMs@u32DelayIdx             cstackBANK0  000065
EUSART_vidInitialize@enuCLockId            cstackBANK0  00009D
EUSART_vidSendChar@ks8Data                 cstackBANK0  000065
EUSART_vidSendChar@ku32TimeoutMs           cstackBANK0  000060
EUSART_vidSendChar@u32TimeoutIdx           cstackBANK0  000066
GPIO_RegisterButtonCallback@callback       cstackBANK0  000060
ISR_bRegisterIsrCbk@bStatus                cstackBANK0  000063
ISR_bRegisterIsrCbk@kenuPeripheralId       cstackBANK0  000064
ISR_bRegisterIsrCbk@kpfbCallback           cstackBANK0  000060
MCP9700_enuGetTemperature@mv               cstackBANK0  000093
MCP9700_enuGetTemperature@pi8Temperature   cstackBANK0  000092
MCP9700_enuGetTemperature@temperatureValue cstackBANK0  000097
MCP9700_enuGetTemperature@u16AdcValue      cstackBANK0  000099
TIM0_bRegisterTimerCbk@kpfCallback         cstackBANK0  000060
TIM0_vidInitialize@bStatus                 cstackBANK0  00009A
_ADCLK                                     (abs)        000F52
_ADCON0                                    (abs)        000F5B
_ADCON0bits                                (abs)        000F5B
_ADC_u16ReadValue                          text15       0113B2
_ADC_vidInitialize                         text19       011120
_ADPCH                                     (abs)        000F5A
_ADREFbits                                 (abs)        000F53
_ADRESH                                    (abs)        000F5F
_ADRESL                                    (abs)        000F5E
_ANSELAbits                                (abs)        000F0C
_ANSELBbits                                (abs)        000F14
_ANSELDbits                                (abs)        000F21
_APPM_TimerCbk                             text38       0116D4
_APPM_vidButtonPressed                     text39       01168E
_APPM_vidInit                              text16       01157C
_APPM_vidStart                             text11       01167A
_BAUD2CONbits                              (abs)        000E9A
_CLOCK_vidInitialize                       text10       0116A0
_CMN_bSystemStarted                        bssBANK0     0000CD
_CMN_vidEndInit                            text9        0116B6
_CMN_vidErrorLedInit                       text8        0116C4
_CMN_vidErrorLedSet                        text33       0116CC
_CMN_vidErrorLedUnset                      text32       0116C8
_CMN_vidInitialize                         text7        0116AC
_CMN_vidManageAbort                        text6        011206
_CMN_vidManageAssert                       text20       010CE2
_CMN_vidPortDelayMs                        text31       0110A4
_CMN_vidPortDisableIsr                     text30       0116BE
_EUSART_kau16BaudRateCoef                  mediumconst  00FDD9
_EUSART_pfRxCallback                       bssCOMRAM    000045
_EUSART_vidInitialize                      text5        0106CC
_EUSART_vidInitialize$1003                 cstackBANK0  00009C
_EUSART_vidSendChar                        text26       010EF8
_GPIO_ISR_Callback                         text35       0113FC
_GPIO_Init                                 text3        011526
_GPIO_LedToggle                            text49       0116D0
_GPIO_RegisterButtonCallback               text18       0115C6
_I2CM_vidInitalize                         text2        0115A2
_INTCONbits                                (abs)        000FF2
_IOCBFbits                                 (abs)        000F0D
_IOCBNbits                                 (abs)        000F0E
_IOCBPbits                                 (abs)        000F0F
_ISR_apfbCallback                          bssBANK0     0000BE
_ISR_bRegisterIsrCbk                       text4        01126A
_LATAbits                                  (abs)        000F82
_LCD_astrDisplayData                       bssCOMRAM    000055
_LCD_kastrLcdConfigList                    mediumconst  00FE1D
_MCP9700_enuGetTemperature                 text12       0108FE
_OSCCON1bits                               (abs)        000ED3
_PIE0bits                                  (abs)        000EBD
_PIE3bits                                  (abs)        000EC0
_PIR0bits                                  (abs)        000EC5
_PIR3bits                                  (abs)        000EC8
_PORTBbits                                 (abs)        000F8D
_RB1PPS                                    (abs)        000EEB
_RB2PPS                                    (abs)        000EEC
_RC2REG                                    (abs)        000E94
_RC2STAbits                                (abs)        000E98
_RD0PPS                                    (abs)        000EFA
_RX2PPS                                    (abs)        000E88
_SP2BRGH                                   (abs)        000E97
_SP2BRGL                                   (abs)        000E96
_SSP1ADD                                   (abs)        000F92
_SSP1BUF                                   (abs)        000F91
_SSP1CLKPPS                                (abs)        000EB2
_SSP1CON1bits                              (abs)        000F95
_SSP1CON2bits                              (abs)        000F96
_SSP1DATPPS                                (abs)        000EB3
_T0CON0bits                                (abs)        000FD4
_T0CON1bits                                (abs)        000FD5
_TIM0_bRegisterTimerCbk                    text17       011552
_TIM0_pfRxCallback                         bssCOMRAM    000042
_TIM0_vidInitialize                        text1        011318
_TMR0H                                     (abs)        000FD3
_TMR0L                                     (abs)        000FD2
_TRISAbits                                 (abs)        000F87
_TRISBbits                                 (abs)        000F88
_TRISDbits                                 (abs)        000F8A
_TX2REG                                    (abs)        000E95
_TX2STAbits                                (abs)        000E99
_TXSTA2bits                                (abs)        000E99
_WPUBbits                                  (abs)        000F13
__HRAM                                     (abs)        000000
__H__absolute__                            __absolute__ 000000
__Habs1                                    abs1         000000
__Hbank0                                   bank0        000000
__Hbank1                                   bank1        000000
__Hbank10                                  bank10       000000
__Hbank11                                  bank11       000000
__Hbank12                                  bank12       000000
__Hbank14                                  bank14       000000
__Hbank2                                   bank2        000000
__Hbank3                                   bank3        000000
__Hbank4                                   bank4        000000
__Hbank5                                   bank5        000000
__Hbank6                                   bank6        000000
__Hbank7                                   bank7        000000
__Hbank8                                   bank8        000000
__Hbank9                                   bank9        000000
__Hbigbss                                  bigbss       000000
__Hbigdata                                 bigdata      000000
__Hbigram                                  bigram       000000
__Hbigsfr                                  bigsfr       000000
__Hbss                                     bss          000000
__HbssBANK0                                bssBANK0     000000
__HbssCOMRAM                               bssCOMRAM    000000
__Hcinit                                   cinit        000000
__Hclrtext                                 clrtext      000000
__Hcomram                                  comram       000000
__Hconfig                                  config       300008
__Hconst                                   const        000000
__HcstackBANK0                             cstackBANK0  000000
__HcstackCOMRAM                            cstackCOMRAM 000000
__Hdata                                    data         000000
__Heeprom_data                             eeprom_data  000000
__Hfarbss                                  farbss       000000
__Hfardata                                 fardata      000000
__Hheap                                    heap         000D00
__Hibigdata                                ibigdata     000000
__Hidata                                   idata        000000
__Hidloc                                   idloc        000000
__Hifardata                                ifardata     000000
__Hinit                                    init         0000F6
__Hintcode                                 intcode      0000F2
__Hintcode_body                            intcode_body 000000
__Hintcodelo                               intcodelo    0000F2
__Hintentry                                intentry     000000
__Hintret                                  intret       000000
__Hintsave_regs                            intsave_regs 000000
__Hirdata                                  irdata       000000
__Hmediumconst                             mediumconst  010000
__HnvFARRAM                                nvFARRAM     000000
__Hnvbit                                   nvbit        000000
__Hnvrram                                  nvrram       000000
__Hparam                                   rparam       000000
__Hpowerup                                 powerup      0000F2
__Hram                                     ram          000000
__Hramtop                                  ramtop       001000
__Hrbit                                    rbit         000000
__Hrbss                                    rbss         000000
__Hrdata                                   rdata        000000
__Hreset_vec                               reset_vec    000004
__Hrparam                                  rparam       000000
__Hsfr                                     sfr          000000
__Hsivt_hi                                 sivt_hi      000000
__Hsivt_lo                                 sivt_lo      000000
__Hsmallconst                              smallconst   000000
__Hspace_0                                 (abs)        0116D6
__Hspace_1                                 (abs)        0000CE
__Hspace_2                                 (abs)        000000
__Hspace_4                                 (abs)        600008
__Hstack                                   stack        000000
__Hstruct                                  struct       000000
__Htemp                                    temp         000060
__Htext                                    text         000000
__Htext0                                   text0        000000
__Htext1                                   text1        000000
__Htext10                                  text10       000000
__Htext11                                  text11       000000
__Htext12                                  text12       000000
__Htext13                                  text13       000000
__Htext14                                  text14       000000
__Htext15                                  text15       000000
__Htext16                                  text16       000000
__Htext17                                  text17       000000
__Htext18                                  text18       000000
__Htext19                                  text19       000000
__Htext2                                   text2        000000
__Htext20                                  text20       000000
__Htext21                                  text21       000000
__Htext22                                  text22       000000
__Htext23                                  text23       000000
__Htext24                                  text24       000000
__Htext25                                  text25       000000
__Htext26                                  text26       000000
__Htext27                                  text27       000000
__Htext28                                  text28       000000
__Htext29                                  text29       000000
__Htext3                                   text3        000000
__Htext30                                  text30       000000
__Htext31                                  text31       000000
__Htext32                                  text32       000000
__Htext33                                  text33       000000
__Htext35                                  text35       000000
__Htext36                                  text36       000000
__Htext37                                  text37       000000
__Htext38                                  text38       000000
__Htext39                                  text39       000000
__Htext4                                   text4        000000
__Htext40                                  text40       000000
__Htext41                                  text41       000000
__Htext42                                  text42       000000
__Htext43                                  text43       000000
__Htext44                                  text44       000000
__Htext45                                  text45       000000
__Htext46                                  text46       000000
__Htext47                                  text47       000000
__Htext48                                  text48       000000
__Htext49                                  text49       000000
__Htext5                                   text5        000000
__Htext6                                   text6        000000
__Htext7                                   text7        000000
__Htext8                                   text8        000000
__Htext9                                   text9        000000
__LRAM                                     (abs)        000001
__L__absolute__                            __absolute__ 000000
__Labs1                                    abs1         000000
__Lbank0                                   bank0        000000
__Lbank1                                   bank1        000000
__Lbank10                                  bank10       000000
__Lbank11                                  bank11       000000
__Lbank12                                  bank12       000000
__Lbank14                                  bank14       000000
__Lbank2                                   bank2        000000
__Lbank3                                   bank3        000000
__Lbank4                                   bank4        000000
__Lbank5                                   bank5        000000
__Lbank6                                   bank6        000000
__Lbank7                                   bank7        000000
__Lbank8                                   bank8        000000
__Lbank9                                   bank9        000000
__Lbigbss                                  bigbss       000000
__Lbigdata                                 bigdata      000000
__Lbigram                                  bigram       000000
__Lbigsfr                                  bigsfr       000000
__Lbss                                     bss          000000
__LbssBANK0                                bssBANK0     000000
__LbssCOMRAM                               bssCOMRAM    000000
__Lcinit                                   cinit        000000
__Lclrtext                                 clrtext      000000
__Lcomram                                  comram       000000
__Lconfig                                  config       000000
__Lconst                                   const        000000
__LcstackBANK0                             cstackBANK0  000000
__LcstackCOMRAM                            cstackCOMRAM 000000
__Ldata                                    data         000000
__Leeprom_data                             eeprom_data  000000
__Lfarbss                                  farbss       000000
__Lfardata                                 fardata      000000
__Lheap                                    heap         0000CE
__Libigdata                                ibigdata     000000
__Lidata                                   idata        000000
__Lidloc                                   idloc        000000
__Lifardata                                ifardata     000000
__Linit                                    init         0000F2
__Lintcode                                 intcode      000008
__Lintcode_body                            intcode_body 000000
__Lintcodelo                               intcodelo    0000F2
__Lintentry                                intentry     000000
__Lintret                                  intret       000000
__Lintsave_regs                            intsave_regs 000000
__Lirdata                                  irdata       000000
__Lmediumconst                             mediumconst  00FDD8
__LnvFARRAM                                nvFARRAM     000000
__Lnvbit                                   nvbit        000000
__Lnvrram                                  nvrram       000000
__Lparam                                   rparam       000000
__Lpowerup                                 powerup      0000F2
__Lram                                     ram          000000
__Lramtop                                  ramtop       001000
__Lrbit                                    rbit         000000
__Lrbss                                    rbss         000000
__Lrdata                                   rdata        000000
__Lreset_vec                               reset_vec    000000
__Lrparam                                  rparam       000000
__Lsfr                                     sfr          000000
__Lsivt_hi                                 sivt_hi      000000
__Lsivt_lo                                 sivt_lo      000000
__Lsmallconst                              smallconst   000000
__Lspace_0                                 (abs)        000000
__Lspace_1                                 (abs)        000000
__Lspace_2                                 (abs)        000000
__Lspace_4                                 (abs)        000000
__Lstack                                   stack        000000
__Lstruct                                  struct       000000
__Ltemp                                    temp         00005F
__Ltext                                    text         000000
__Ltext0                                   text0        000000
__Ltext1                                   text1        000000
__Ltext10                                  text10       000000
__Ltext11                                  text11       000000
__Ltext12                                  text12       000000
__Ltext13                                  text13       000000
__Ltext14                                  text14       000000
__Ltext15                                  text15       000000
__Ltext16                                  text16       000000
__Ltext17                                  text17       000000
__Ltext18                                  text18       000000
__Ltext19                                  text19       000000
__Ltext2                                   text2        000000
__Ltext20                                  text20       000000
__Ltext21                                  text21       000000
__Ltext22                                  text22       000000
__Ltext23                                  text23       000000
__Ltext24                                  text24       000000
__Ltext25                                  text25       000000
__Ltext26                                  text26       000000
__Ltext27                                  text27       000000
__Ltext28                                  text28       000000
__Ltext29                                  text29       000000
__Ltext3                                   text3        000000
__Ltext30                                  text30       000000
__Ltext31                                  text31       000000
__Ltext32                                  text32       000000
__Ltext33                                  text33       000000
__Ltext35                                  text35       000000
__Ltext36                                  text36       000000
__Ltext37                                  text37       000000
__Ltext38                                  text38       000000
__Ltext39                                  text39       000000
__Ltext4                                   text4        000000
__Ltext40                                  text40       000000
__Ltext41                                  text41       000000
__Ltext42                                  text42       000000
__Ltext43                                  text43       000000
__Ltext44                                  text44       000000
__Ltext45                                  text45       000000
__Ltext46                                  text46       000000
__Ltext47                                  text47       000000
__Ltext48                                  text48       000000
__Ltext49                                  text49       000000
__Ltext5                                   text5        000000
__Ltext6                                   text6        000000
__Ltext7                                   text7        000000
__Ltext8                                   text8        000000
__Ltext9                                   text9        000000
__S0                                       (abs)        0116D6
__S1                                       (abs)        0000CE
__S4                                       (abs)        000000
__S5                                       (abs)        000000
__S7                                       (abs)        000D00
___aldiv                                   text14       0107F2
___aldiv@counter                           cstackBANK0  000068
___aldiv@dividend                          cstackBANK0  000060
___aldiv@divisor                           cstackBANK0  000064
___aldiv@quotient                          cstackBANK0  00006A
___aldiv@sign                              cstackBANK0  000069
___awdiv                                   text29       0109E6
___awdiv@counter                           cstackBANK0  000064
___awdiv@dividend                          cstackBANK0  000060
___awdiv@divisor                           cstackBANK0  000062
___awdiv@quotient                          cstackBANK0  000066
___awdiv@sign                              cstackBANK0  000065
___awmod                                   text28       010D9A
___awmod@counter                           cstackBANK0  000064
___awmod@dividend                          cstackBANK0  000060
___awmod@divisor                           cstackBANK0  000062
___awmod@sign                              cstackBANK0  000065
___freelist                                bssCOMRAM    00004A
___heap_hi                                 heap         000D00
___heap_lo                                 heap         0000CE
___inthi_sp                                stack        000000
___inthi_stack_hi                          stack        000000
___inthi_stack_lo                          stack        000000
___intlo_sp                                stack        000000
___intlo_stack_hi                          stack        000000
___intlo_stack_lo                          stack        000000
___lmul                                    text13       01119A
___lmul@multiplicand                       cstackBANK0  000064
___lmul@multiplier                         cstackBANK0  000060
___lmul@product                            cstackBANK0  000068
___param_bank                              (abs)        000000
___rparam_used                             (abs)        000001
___sp                                      stack        000000
___stack_hi                                stack        000000
___stack_lo                                stack        000000
__accesstop                                (abs)        000060
__activetblptr                             (abs)        000003
__end_of_ADC_u16ReadValue                  text15       0113FC
__end_of_ADC_vidInitialize                 text19       01119A
__end_of_APPM_TimerCbk                     text38       0116D6
__end_of_APPM_vidButtonPressed             text39       0116A0
__end_of_APPM_vidInit                      text16       0115A2
__end_of_APPM_vidStart                     text11       01168E
__end_of_CLOCK_vidInitialize               text10       0116AC
__end_of_CMN_vidEndInit                    text9        0116BE
__end_of_CMN_vidErrorLedInit               text8        0116C8
__end_of_CMN_vidErrorLedSet                text33       0116D0
__end_of_CMN_vidErrorLedUnset              text32       0116CC
__end_of_CMN_vidInitialize                 text7        0116B6
__end_of_CMN_vidManageAbort                text6        01126A
__end_of_CMN_vidManageAssert               text20       010D9A
__end_of_CMN_vidPortDelayMs                text31       011120
__end_of_CMN_vidPortDisableIsr             text30       0116C4
__end_of_EUSART_kau16BaudRateCoef          mediumconst  00FE19
__end_of_EUSART_vidInitialize              text5        0107F2
__end_of_EUSART_vidSendChar                text26       010F92
__end_of_GPIO_ISR_Callback                 text35       011442
__end_of_GPIO_Init                         text3        011552
__end_of_GPIO_LedToggle                    text49       0116D4
__end_of_GPIO_RegisterButtonCallback       text18       0115EA
__end_of_I2CM_vidInitalize                 text2        0115C6
__end_of_ISR_bRegisterIsrCbk               text4        0112C8
__end_of_LCD_kastrLcdConfigList            mediumconst  00FE25
__end_of_MCP9700_enuGetTemperature         text12       0109E6
__end_of_TIM0_bRegisterTimerCbk            text17       01157C
__end_of_TIM0_vidInitialize                text1        011366
__end_of___aldiv                           text14       0108FE
__end_of___awdiv                           text29       010AAA
__end_of___awmod                           text28       010E4A
__end_of___lmul                            text13       011206
__end_of__initialization                   cinit        011602
__end_of_abs                               text27       0114BE
__end_of_bInterruptHandler                 text36       0110A4
__end_of_bInterruptHandler@TIMER$F1544     text37       011318
__end_of_fputc                             text24       010C28
__end_of_main                              text0        0114F2
__end_of_printf                            text21       011646
__end_of_putch                             text25       01162A
__end_of_vfpfcnvrt                         text23       01036E
__end_of_vfprintf                          text22       0113B2
__end_of_vidInterruptManager               intcode      0000F2
__end_ofbSetCursor@F13614                  mediumconst  00FE1D
__end_ofi2_EUSART_vidSendChar              text45       01101E
__end_ofi2___awdiv                         text48       010B6C
__end_ofi2___awmod                         text47       010EF8
__end_ofi2_abs                             text46       011526
__end_ofi2_fputc                           text43       010CE2
__end_ofi2_printf                          text40       011660
__end_ofi2_putch                           text44       01167A
__end_ofi2_vfpfcnvrt                       text42       0106CC
__end_ofi2_vfprintf                        text41       011488
__initialization                           cinit        0115EA
__mediumconst                              mediumconst  00FDD8
__pbssBANK0                                bssBANK0     00009E
__pbssCOMRAM                               bssCOMRAM    00003F
__pcinit                                   cinit        0115EA
__pcstackBANK0                             cstackBANK0  000060
__pcstackCOMRAM                            cstackCOMRAM 000001
__pintcode                                 intcode      000008
__pmediumconst                             mediumconst  00FDD8
__ptext0                                   text0        0114BE
__ptext1                                   text1        011318
__ptext10                                  text10       0116A0
__ptext11                                  text11       01167A
__ptext12                                  text12       0108FE
__ptext13                                  text13       01119A
__ptext14                                  text14       0107F2
__ptext15                                  text15       0113B2
__ptext16                                  text16       01157C
__ptext17                                  text17       011552
__ptext18                                  text18       0115C6
__ptext19                                  text19       011120
__ptext2                                   text2        0115A2
__ptext20                                  text20       010CE2
__ptext21                                  text21       01162A
__ptext22                                  text22       011366
__ptext23                                  text23       010000
__ptext24                                  text24       010B6C
__ptext25                                  text25       01160C
__ptext26                                  text26       010EF8
__ptext27                                  text27       011488
__ptext28                                  text28       010D9A
__ptext29                                  text29       0109E6
__ptext3                                   text3        011526
__ptext30                                  text30       0116BE
__ptext31                                  text31       0110A4
__ptext32                                  text32       0116C8
__ptext33                                  text33       0116CC
__ptext35                                  text35       0113FC
__ptext36                                  text36       01101E
__ptext37                                  text37       0112C8
__ptext38                                  text38       0116D4
__ptext39                                  text39       01168E
__ptext4                                   text4        01126A
__ptext40                                  text40       011646
__ptext41                                  text41       011442
__ptext42                                  text42       01036E
__ptext43                                  text43       010C28
__ptext44                                  text44       011660
__ptext45                                  text45       010F92
__ptext46                                  text46       0114F2
__ptext47                                  text47       010E4A
__ptext48                                  text48       010AAA
__ptext49                                  text49       0116D0
__ptext5                                   text5        0106CC
__ptext6                                   text6        011206
__ptext7                                   text7        0116AC
__ptext8                                   text8        0116C4
__ptext9                                   text9        0116B6
__ramtop                                   ramtop       001000
__smallconst                               smallconst   000000
_abs                                       text27       011488
_bInterruptHandler                         text36       01101E
_bInterruptHandler@TIMER$F1544             text37       0112C8
_dbuf                                      bssBANK0     00009E
_errno                                     bssCOMRAM    000052
_flags                                     bssCOMRAM    000054
_fputc                                     text24       010B6C
_g_buttonCallback                          bssCOMRAM    00003F
_main                                      text0        0114BE
_prec                                      bssCOMRAM    000048
_printf                                    text21       01162A
_putch                                     text25       01160C
_vfpfcnvrt                                 text23       010000
_vfprintf                                  text22       011366
_vidInterruptManager                       intcode      000008
_width                                     bssBANK0     0000CB
abs@a                                      cstackBANK0  000066
bInterruptHandler@u8TimeoutIdx             cstackCOMRAM 000002
bSetCursor@F13614                          mediumconst  00FE19
btemp                                      temp         00005F
end_of_initialization                      cinit        011602
fputc@c                                    cstackBANK0  00006B
fputc@fp                                   cstackBANK0  00006D
i2EUSART_vidSendChar@ks8Data               cstackCOMRAM 000006
i2EUSART_vidSendChar@ku32TimeoutMs         cstackCOMRAM 000001
i2EUSART_vidSendChar@u32TimeoutIdx         cstackCOMRAM 000007
i2_EUSART_vidSendChar                      text45       010F92
i2___awdiv                                 text48       010AAA
i2___awdiv@counter                         cstackCOMRAM 000005
i2___awdiv@dividend                        cstackCOMRAM 000001
i2___awdiv@divisor                         cstackCOMRAM 000003
i2___awdiv@quotient                        cstackCOMRAM 000007
i2___awdiv@sign                            cstackCOMRAM 000006
i2___awmod                                 text47       010E4A
i2___awmod@counter                         cstackCOMRAM 000005
i2___awmod@dividend                        cstackCOMRAM 000001
i2___awmod@divisor                         cstackCOMRAM 000003
i2___awmod@sign                            cstackCOMRAM 000006
i2_abs                                     text46       0114F2
i2_fputc                                   text43       010C28
i2_printf                                  text40       011646
i2_putch                                   text44       011660
i2_vfpfcnvrt                               text42       01036E
i2_vfprintf                                text41       011442
i2abs@a                                    cstackCOMRAM 000007
i2fputc@c                                  cstackCOMRAM 00000C
i2fputc@fp                                 cstackCOMRAM 00000E
i2printf@ap                                cstackCOMRAM 00002B
i2printf@fmt                               cstackCOMRAM 000029
i2putch@s8Data                             cstackCOMRAM 00000B
i2vfpfcnvrt@ap                             cstackCOMRAM 000016
i2vfpfcnvrt@c                              cstackCOMRAM 000022
i2vfpfcnvrt@convarg                        cstackCOMRAM 00001E
i2vfpfcnvrt@cp                             cstackCOMRAM 00001B
i2vfpfcnvrt@cp_2654                        cstackCOMRAM 000019
i2vfpfcnvrt@done                           cstackCOMRAM 00001D
i2vfpfcnvrt@fmt                            cstackCOMRAM 000015
i2vfpfcnvrt@fp                             cstackCOMRAM 000014
i2vfprintf@ap                              cstackCOMRAM 000026
i2vfprintf@cfmt                            cstackCOMRAM 000027
i2vfprintf@fmt                             cstackCOMRAM 000024
i2vfprintf@fp                              cstackCOMRAM 000023
int$flags                                  temp         00005F
intlevel0                                  text         000000
intlevel1                                  text         000000
intlevel2                                  text         000000
intlevel3                                  text         000000
isa$std                                    (abs)        000001
isa$xinst                                  (abs)        000000
malloc@cur                                 bssCOMRAM    000050
malloc@end                                 bssCOMRAM    00004E
malloc@lock                                bssBANK0     0000C7
printf@ap                                  cstackBANK0  000091
printf@fmt                                 cstackBANK0  000089
putch@s8Data                               cstackBANK0  00006A
stackhi                                    (abs)        000000
stacklo                                    (abs)        000000
start                                      init         0000F2
start_initialization                       cinit        0115EA
ttemp5                                     temp         000060
ttemp6                                     temp         000063
ttemp7                                     temp         000067
vfpfcnvrt@ap                               cstackBANK0  000075
vfpfcnvrt@c                                cstackBANK0  000082
vfpfcnvrt@convarg                          cstackBANK0  00007E
vfpfcnvrt@cp                               cstackBANK0  00007B
vfpfcnvrt@cp_2654                          cstackBANK0  000079
vfpfcnvrt@done                             cstackBANK0  00007D
vfpfcnvrt@fmt                              cstackBANK0  000074
vfpfcnvrt@fp                               cstackBANK0  000073
vfprintf@ap                                cstackBANK0  000086
vfprintf@cfmt                              cstackBANK0  000087
vfprintf@fmt                               cstackBANK0  000084
vfprintf@fp                                cstackBANK0  000083
vidInterruptManager@bIsIsrFound            cstackCOMRAM 00003D
vidInterruptManager@enuPeripheral          cstackCOMRAM 00003E
wtemp8                                     temp         000060


MODULE INFORMATION

Module		Function		Class		Link	Load	Size
src/HARDWARE/CLOCK/Core/CLOCK.c
		_CLOCK_vidInitialize		CODE           	116A0	0000	12

src/HARDWARE/CLOCK/Core/CLOCK.c estimated size: 12

src/TOOLS/Common/Port/Common_pt.c
		_CMN_vidErrorLedUnset		CODE           	116C8	0000	4
		_putch         		CODE           	1160C	0000	30
		_CMN_vidPortDisableIsr		CODE           	116BE	0000	6
		_CMN_vidErrorLedInit		CODE           	116C4	0000	4
		_CMN_vidPortDelayMs		CODE           	110A4	0000	124
		_CMN_vidErrorLedSet		CODE           	116CC	0000	4

src/TOOLS/Common/Port/Common_pt.c estimated size: 172

C:\Program Files\Microchip\xc8\v2.50\pic\sources\c99\common\printf.c
		_printf        		CODE           	1162A	0000	28

C:\Program Files\Microchip\xc8\v2.50\pic\sources\c99\common\printf.c estimated size: 28

src/APP/AppManager.c
		_APPM_TimerCbk 		CODE           	116D4	0000	2
		_APPM_vidButtonPressed		CODE           	1168E	0000	18
		_APPM_vidInit  		CODE           	1157C	0000	38
		_APPM_vidStart 		CODE           	1167A	0000	20

src/APP/AppManager.c estimated size: 78

C:\Program Files\Microchip\xc8\v2.50\pic\sources\c99\common\awmod.c
		___awmod       		CODE           	10D9A	0000	176

C:\Program Files\Microchip\xc8\v2.50\pic\sources\c99\common\awmod.c estimated size: 176

src/TOOLS/Common/Core/Common.c
		_CMN_vidEndInit		CODE           	116B6	0000	8
		_CMN_vidInitialize		CODE           	116AC	0000	10
		_CMN_vidManageAssert		CODE           	10CE2	0000	184
		_CMN_vidManageAbort		CODE           	11206	0000	100

src/TOOLS/Common/Core/Common.c estimated size: 302

C:\Program Files\Microchip\xc8\v2.50\pic\sources\c99\common\Umul32.c
		___lmul        		CODE           	1119A	0000	108

C:\Program Files\Microchip\xc8\v2.50\pic\sources\c99\common\Umul32.c estimated size: 108

C:\Program Files\Microchip\xc8\v2.50\pic\sources\c99\common\abs.c
		_abs           		CODE           	11488	0000	54

C:\Program Files\Microchip\xc8\v2.50\pic\sources\c99\common\abs.c estimated size: 54

src/HARDWARE/ADC/Core/ADC.c
		_ADC_u16ReadValue		CODE           	113B2	0000	74
		_ADC_vidInitialize		CODE           	11120	0000	122

src/HARDWARE/ADC/Core/ADC.c estimated size: 196

src/DRIVERS/MCP9700/MCP9700.c
		_MCP9700_enuGetTemperature		CODE           	108FE	0000	232

src/DRIVERS/MCP9700/MCP9700.c estimated size: 232

src/main.c
		_main          		CODE           	114BE	0000	52

src/main.c estimated size: 52

src/HARDWARE/EUSART/EUSART.c
		_EUSART_vidInitialize		CODE           	106CC	0000	294
		_EUSART_vidSendChar		CODE           	10EF8	0000	154
		_bInterruptHandler		CODE           	1101E	0000	134

src/HARDWARE/EUSART/EUSART.c estimated size: 582

src/HARDWARE/GPIO/GPIO.c
		_GPIO_ISR_Callback		CODE           	113FC	0000	70
		_GPIO_Init     		CODE           	11526	0000	44
		_GPIO_LedToggle		CODE           	116D0	0000	4
		_GPIO_RegisterButtonCallback		CODE           	115C6	0000	36

src/HARDWARE/GPIO/GPIO.c estimated size: 154

C:\Program Files\Microchip\xc8\v2.50\pic\sources\c99\common\nf_fputc.c
		_fputc         		CODE           	10B6C	0000	188

C:\Program Files\Microchip\xc8\v2.50\pic\sources\c99\common\nf_fputc.c estimated size: 188

shared
		i2_printf      		CODE           	11646	0000	26
		i2_vfpfcnvrt   		CODE           	1036E	0000	862
		i2_EUSART_vidSendChar		CODE           	10F92	0000	140
		_EUSART_kau16BaudRateCoef		MEDIUMCONST    	FDD9	0000	64
		i2_abs         		CODE           	114F2	0000	52
		i2_putch       		CODE           	11660	0000	26
		i2_vfprintf    		CODE           	11442	0000	70
		i2___awdiv     		CODE           	10AAA	0000	194
		__initialization		CODE           	115EA	0000	24
		i2___awmod     		CODE           	10E4A	0000	174
		_LCD_kastrLcdConfigList		MEDIUMCONST    	FE1D	0000	8
		i2_fputc       		CODE           	10C28	0000	186
		bSetCursor@F13614		MEDIUMCONST    	FE19	0000	4

shared estimated size: 1830

src/HARDWARE/ISR/ISR.c
		_ISR_bRegisterIsrCbk		CODE           	1126A	0000	94
		_vidInterruptManager		CODE           	0008	0000	234

src/HARDWARE/ISR/ISR.c estimated size: 328

C:\Program Files\Microchip\xc8\v2.50\pic\sources\c99\common\awdiv.c
		___awdiv       		CODE           	109E6	0000	196

C:\Program Files\Microchip\xc8\v2.50\pic\sources\c99\common\awdiv.c estimated size: 196

src/HARDWARE/TIMER/TIMER.c
		_TIM0_bRegisterTimerCbk		CODE           	11552	0000	42
		_bInterruptHandler@TIMER$F1544		CODE           	112C8	0000	80
		_TIM0_vidInitialize		CODE           	11318	0000	78

src/HARDWARE/TIMER/TIMER.c estimated size: 200

C:\Program Files\Microchip\xc8\v2.50\pic\sources\c99\common\doprnt.c
		_vfpfcnvrt     		CODE           	10000	0000	878
		_vfprintf      		CODE           	11366	0000	76

C:\Program Files\Microchip\xc8\v2.50\pic\sources\c99\common\doprnt.c estimated size: 954

C:\Program Files\Microchip\xc8\v2.50\pic\sources\c99\common\aldiv.c
		___aldiv       		CODE           	107F2	0000	268

C:\Program Files\Microchip\xc8\v2.50\pic\sources\c99\common\aldiv.c estimated size: 268

src/HARDWARE/I2CM/I2CM.c
		_I2CM_vidInitalize		CODE           	115A2	0000	36

src/HARDWARE/I2CM/I2CM.c estimated size: 36

